train 587665 decisions / valid 63706 decisions  (read 26s)  chance acc: train 0.279 valid 0.280
探索値の較正[bulk]: p = sigmoid(3.751·clip(v,±0.917)/0.917 + -2.645)  n=570001  番兵の割合 0.000
  較正後の対数損失 0.6392 vs 「常に平均勝率」0.6845 → 探索値は勝敗の情報を持つ
  教師 p の広がり（75%点−25%点） 0.194
init from results/models/s2v_id_s2.json
学習する重みの数 632,194（書き出すネットは射影の有無によらず同じ形）
ep 1: loss 1.6512 | valid v_logloss 0.6502 v_acc 0.624 | t_logloss 0.6729 | p_logloss 1.0284 p_acc 0.573 | 145s
   by phase: {'setup': '1.000(960)', 'mulligan': '0.982(960)', 'action': '0.490(20104)', 'clash': '0.548(10681)', 'choice': '0.615(26433)', 'rush': '0.596(4345)', 'discard': '0.332(223)'}
ep 2: loss 1.5366 | valid v_logloss 0.6957 v_acc 0.609 | t_logloss 0.7196 | p_logloss 1.0180 p_acc 0.578 | 139s
   by phase: {'setup': '1.000(960)', 'mulligan': '0.982(960)', 'action': '0.492(20104)', 'clash': '0.555(10681)', 'choice': '0.620(26433)', 'rush': '0.603(4345)', 'discard': '0.327(223)'}
ep 3: loss 1.4740 | valid v_logloss 0.7203 v_acc 0.605 | t_logloss 0.7448 | p_logloss 1.0129 p_acc 0.581 | 135s
   by phase: {'setup': '1.000(960)', 'mulligan': '0.982(960)', 'action': '0.497(20104)', 'clash': '0.562(10681)', 'choice': '0.623(26433)', 'rush': '0.597(4345)', 'discard': '0.314(223)'}
ep 4: loss 1.4300 | valid v_logloss 0.7311 v_acc 0.603 | t_logloss 0.7552 | p_logloss 1.0132 p_acc 0.580 | 136s
   by phase: {'setup': '1.000(960)', 'mulligan': '0.982(960)', 'action': '0.496(20104)', 'clash': '0.561(10681)', 'choice': '0.622(26433)', 'rush': '0.597(4345)', 'discard': '0.314(223)'}
ep 5: loss 1.3963 | valid v_logloss 0.7337 v_acc 0.606 | t_logloss 0.7579 | p_logloss 1.0160 p_acc 0.580 | 135s
   by phase: {'setup': '1.000(960)', 'mulligan': '0.982(960)', 'action': '0.492(20104)', 'clash': '0.561(10681)', 'choice': '0.624(26433)', 'rush': '0.597(4345)', 'discard': '0.318(223)'}
ep 6: loss 1.3743 | valid v_logloss 0.7369 v_acc 0.606 | t_logloss 0.7608 | p_logloss 1.0160 p_acc 0.582 | 138s
   by phase: {'setup': '1.000(960)', 'mulligan': '0.982(960)', 'action': '0.498(20104)', 'clash': '0.564(10681)', 'choice': '0.623(26433)', 'rush': '0.599(4345)', 'discard': '0.314(223)'}
--select best_v: エポック 1 の版を保存する（検証 v_logloss 0.6502・最後は 0.7369）
saved results/models/s3vc_id_s2.json (875s)
