train 587665 decisions / valid 63706 decisions  (read 46s)  chance acc: train 0.279 valid 0.280
探索値の較正[bulk]: p = sigmoid(3.751·clip(v,±0.917)/0.917 + -2.645)  n=570001  番兵の割合 0.000
  較正後の対数損失 0.6392 vs 「常に平均勝率」0.6845 → 探索値は勝敗の情報を持つ
  教師 p の広がり（75%点−25%点） 0.194
init from results/models/s2v_id_s0.json
学習する重みの数 632,194（書き出すネットは射影の有無によらず同じ形）
ep 1: loss 1.6567 | valid v_logloss 0.6449 v_acc 0.625 | t_logloss 0.6677 | p_logloss 1.0290 p_acc 0.571 | 155s
   by phase: {'setup': '1.000(960)', 'mulligan': '0.982(960)', 'action': '0.488(20104)', 'clash': '0.545(10681)', 'choice': '0.614(26433)', 'rush': '0.588(4345)', 'discard': '0.323(223)'}
ep 2: loss 1.5458 | valid v_logloss 0.6938 v_acc 0.609 | t_logloss 0.7157 | p_logloss 1.0188 p_acc 0.576 | 143s
   by phase: {'setup': '1.000(960)', 'mulligan': '0.982(960)', 'action': '0.492(20104)', 'clash': '0.556(10681)', 'choice': '0.619(26433)', 'rush': '0.588(4345)', 'discard': '0.323(223)'}
ep 3: loss 1.4837 | valid v_logloss 0.7105 v_acc 0.607 | t_logloss 0.7345 | p_logloss 1.0162 p_acc 0.578 | 142s
   by phase: {'setup': '1.000(960)', 'mulligan': '0.982(960)', 'action': '0.493(20104)', 'clash': '0.556(10681)', 'choice': '0.621(26433)', 'rush': '0.590(4345)', 'discard': '0.305(223)'}
ep 4: loss 1.4409 | valid v_logloss 0.7293 v_acc 0.598 | t_logloss 0.7524 | p_logloss 1.0146 p_acc 0.579 | 147s
   by phase: {'setup': '1.000(960)', 'mulligan': '0.982(960)', 'action': '0.492(20104)', 'clash': '0.558(10681)', 'choice': '0.623(26433)', 'rush': '0.589(4345)', 'discard': '0.332(223)'}
ep 5: loss 1.4085 | valid v_logloss 0.7340 v_acc 0.601 | t_logloss 0.7566 | p_logloss 1.0169 p_acc 0.579 | 151s
   by phase: {'setup': '1.000(960)', 'mulligan': '0.982(960)', 'action': '0.493(20104)', 'clash': '0.560(10681)', 'choice': '0.622(26433)', 'rush': '0.593(4345)', 'discard': '0.309(223)'}
ep 6: loss 1.3880 | valid v_logloss 0.7355 v_acc 0.602 | t_logloss 0.7589 | p_logloss 1.0171 p_acc 0.579 | 149s
   by phase: {'setup': '1.000(960)', 'mulligan': '0.982(960)', 'action': '0.494(20104)', 'clash': '0.559(10681)', 'choice': '0.623(26433)', 'rush': '0.588(4345)', 'discard': '0.318(223)'}
--select best_v: エポック 1 の版を保存する（検証 v_logloss 0.6449・最後は 0.7355）
saved results/models/s3vc_id_s0.json (957s)
