train 587665 decisions / valid 63706 decisions  (read 26s)  chance acc: train 0.279 valid 0.280
探索値の較正[bulk]: p = sigmoid(3.751·clip(v,±0.917)/0.917 + -2.645)  n=570001  番兵の割合 0.000
  較正後の対数損失 0.6392 vs 「常に平均勝率」0.6845 → 探索値は勝敗の情報を持つ
  教師 p の広がり（75%点−25%点） 0.194
init from results/models/s2v_id_s1.json
学習する重みの数 632,194（書き出すネットは射影の有無によらず同じ形）
ep 1: loss 1.6589 | valid v_logloss 0.6476 v_acc 0.625 | t_logloss 0.6697 | p_logloss 1.0267 p_acc 0.575 | 140s
   by phase: {'setup': '1.000(960)', 'mulligan': '0.982(960)', 'action': '0.491(20104)', 'clash': '0.556(10681)', 'choice': '0.615(26433)', 'rush': '0.595(4345)', 'discard': '0.265(223)'}
ep 2: loss 1.5468 | valid v_logloss 0.6950 v_acc 0.608 | t_logloss 0.7165 | p_logloss 1.0182 p_acc 0.575 | 134s
   by phase: {'setup': '1.000(960)', 'mulligan': '0.982(960)', 'action': '0.491(20104)', 'clash': '0.551(10681)', 'choice': '0.618(26433)', 'rush': '0.596(4345)', 'discard': '0.309(223)'}
ep 3: loss 1.4839 | valid v_logloss 0.7134 v_acc 0.605 | t_logloss 0.7367 | p_logloss 1.0159 p_acc 0.577 | 137s
   by phase: {'setup': '1.000(960)', 'mulligan': '0.982(960)', 'action': '0.494(20104)', 'clash': '0.556(10681)', 'choice': '0.620(26433)', 'rush': '0.587(4345)', 'discard': '0.300(223)'}
ep 4: loss 1.4402 | valid v_logloss 0.7321 v_acc 0.603 | t_logloss 0.7545 | p_logloss 1.0131 p_acc 0.578 | 136s
   by phase: {'setup': '1.000(960)', 'mulligan': '0.982(960)', 'action': '0.492(20104)', 'clash': '0.556(10681)', 'choice': '0.623(26433)', 'rush': '0.591(4345)', 'discard': '0.309(223)'}
ep 5: loss 1.4072 | valid v_logloss 0.7374 v_acc 0.604 | t_logloss 0.7606 | p_logloss 1.0149 p_acc 0.579 | 136s
   by phase: {'setup': '1.000(960)', 'mulligan': '0.982(960)', 'action': '0.496(20104)', 'clash': '0.557(10681)', 'choice': '0.622(26433)', 'rush': '0.593(4345)', 'discard': '0.305(223)'}
ep 6: loss 1.3862 | valid v_logloss 0.7391 v_acc 0.602 | t_logloss 0.7622 | p_logloss 1.0159 p_acc 0.579 | 137s
   by phase: {'setup': '1.000(960)', 'mulligan': '0.982(960)', 'action': '0.495(20104)', 'clash': '0.559(10681)', 'choice': '0.622(26433)', 'rush': '0.592(4345)', 'discard': '0.296(223)'}
--select best_v: エポック 1 の版を保存する（検証 v_logloss 0.6476・最後は 0.7391）
saved results/models/s3vc_id_s1.json (869s)
