train 587665 decisions / valid 63706 decisions  (read 23s)  chance acc: train 0.279 valid 0.280
探索値の較正[bulk]: p = sigmoid(3.751·clip(v,±0.917)/0.917 + -2.645)  n=570001  番兵の割合 0.000
  較正後の対数損失 0.6392 vs 「常に平均勝率」0.6845 → 探索値は勝敗の情報を持つ
  教師 p の広がり（75%点−25%点） 0.194
腕 B（next_turn）: 行動フェイズの記録 186106・s₁ 無し 30648（0.165）・較正 a 5.247 b -3.734 c 0.896・範囲 [0.023344723507761955, 0.8195347189903259]・p との相関 0.4633641821755227
init from results/models/s2v_id_s1.json
学習する重みの数 632,194（書き出すネットは射影の有無によらず同じ形）
ep 1: loss 1.6985 | valid v_logloss 0.6227 v_acc 0.638 | t_logloss 0.6510 | p_logloss 1.0259 p_acc 0.574 | 79s
   by phase: {'setup': '1.000(960)', 'mulligan': '0.982(960)', 'action': '0.493(20104)', 'clash': '0.555(10681)', 'choice': '0.613(26433)', 'rush': '0.590(4345)', 'discard': '0.256(223)'}
ep 2: loss 1.6395 | valid v_logloss 0.6270 v_acc 0.636 | t_logloss 0.6543 | p_logloss 1.0165 p_acc 0.578 | 75s
   by phase: {'setup': '1.000(960)', 'mulligan': '0.982(960)', 'action': '0.493(20104)', 'clash': '0.556(10681)', 'choice': '0.619(26433)', 'rush': '0.601(4345)', 'discard': '0.278(223)'}
ep 3: loss 1.6042 | valid v_logloss 0.6351 v_acc 0.627 | t_logloss 0.6610 | p_logloss 1.0136 p_acc 0.578 | 74s
   by phase: {'setup': '1.000(960)', 'mulligan': '0.982(960)', 'action': '0.491(20104)', 'clash': '0.553(10681)', 'choice': '0.623(26433)', 'rush': '0.598(4345)', 'discard': '0.260(223)'}
ep 4: loss 1.5722 | valid v_logloss 0.6370 v_acc 0.626 | t_logloss 0.6626 | p_logloss 1.0136 p_acc 0.578 | 76s
   by phase: {'setup': '1.000(960)', 'mulligan': '0.982(960)', 'action': '0.491(20104)', 'clash': '0.556(10681)', 'choice': '0.623(26433)', 'rush': '0.598(4345)', 'discard': '0.296(223)'}
ep 5: loss 1.5438 | valid v_logloss 0.6359 v_acc 0.628 | t_logloss 0.6623 | p_logloss 1.0144 p_acc 0.579 | 76s
   by phase: {'setup': '1.000(960)', 'mulligan': '0.982(960)', 'action': '0.494(20104)', 'clash': '0.557(10681)', 'choice': '0.623(26433)', 'rush': '0.594(4345)', 'discard': '0.296(223)'}
ep 6: loss 1.5244 | valid v_logloss 0.6360 v_acc 0.627 | t_logloss 0.6629 | p_logloss 1.0155 p_acc 0.579 | 76s
   by phase: {'setup': '1.000(960)', 'mulligan': '0.982(960)', 'action': '0.495(20104)', 'clash': '0.556(10681)', 'choice': '0.623(26433)', 'rush': '0.593(4345)', 'discard': '0.314(223)'}
--select best_v: エポック 1 の版を保存する（検証 v_logloss 0.6227・最後は 0.6360）
saved results/models/s5vB_id_s1.json (493s)
