train 587665 decisions / valid 63706 decisions  (read 64s)  chance acc: train 0.279 valid 0.280
探索値の較正[bulk]: p = sigmoid(3.751·clip(v,±0.917)/0.917 + -2.645)  n=570001  番兵の割合 0.000
  較正後の対数損失 0.6392 vs 「常に平均勝率」0.6845 → 探索値は勝敗の情報を持つ
  教師 p の広がり（75%点−25%点） 0.194
腕 B（next_turn）: 行動フェイズの記録 186106・s₁ 無し 30648（0.165）・較正 a 5.247 b -3.734 c 0.896・範囲 [0.023344723507761955, 0.8195347189903259]・p との相関 0.4633641821755227
init from results/models/s2v_id_s0.json
学習する重みの数 632,194（書き出すネットは射影の有無によらず同じ形）
ep 1: loss 1.6967 | valid v_logloss 0.6224 v_acc 0.637 | t_logloss 0.6509 | p_logloss 1.0275 p_acc 0.571 | 428s
   by phase: {'setup': '1.000(960)', 'mulligan': '0.983(960)', 'action': '0.489(20104)', 'clash': '0.544(10681)', 'choice': '0.612(26433)', 'rush': '0.590(4345)', 'discard': '0.309(223)'}
ep 2: loss 1.6396 | valid v_logloss 0.6278 v_acc 0.630 | t_logloss 0.6550 | p_logloss 1.0155 p_acc 0.578 | 327s
   by phase: {'setup': '1.000(960)', 'mulligan': '0.982(960)', 'action': '0.491(20104)', 'clash': '0.558(10681)', 'choice': '0.621(26433)', 'rush': '0.601(4345)', 'discard': '0.332(223)'}
ep 3: loss 1.6047 | valid v_logloss 0.6288 v_acc 0.630 | t_logloss 0.6576 | p_logloss 1.0147 p_acc 0.579 | 457s
   by phase: {'setup': '1.000(960)', 'mulligan': '0.982(960)', 'action': '0.493(20104)', 'clash': '0.556(10681)', 'choice': '0.622(26433)', 'rush': '0.593(4345)', 'discard': '0.336(223)'}
ep 4: loss 1.5732 | valid v_logloss 0.6339 v_acc 0.629 | t_logloss 0.6608 | p_logloss 1.0136 p_acc 0.581 | 158s
   by phase: {'setup': '1.000(960)', 'mulligan': '0.982(960)', 'action': '0.495(20104)', 'clash': '0.563(10681)', 'choice': '0.624(26433)', 'rush': '0.592(4345)', 'discard': '0.300(223)'}
ep 5: loss 1.5454 | valid v_logloss 0.6342 v_acc 0.628 | t_logloss 0.6623 | p_logloss 1.0151 p_acc 0.580 | 452s
   by phase: {'setup': '1.000(960)', 'mulligan': '0.982(960)', 'action': '0.493(20104)', 'clash': '0.559(10681)', 'choice': '0.624(26433)', 'rush': '0.596(4345)', 'discard': '0.323(223)'}
ep 6: loss 1.5262 | valid v_logloss 0.6338 v_acc 0.628 | t_logloss 0.6623 | p_logloss 1.0162 p_acc 0.580 | 608s
   by phase: {'setup': '1.000(960)', 'mulligan': '0.982(960)', 'action': '0.493(20104)', 'clash': '0.559(10681)', 'choice': '0.624(26433)', 'rush': '0.596(4345)', 'discard': '0.318(223)'}
--select best_v: エポック 1 の版を保存する（検証 v_logloss 0.6224・最後は 0.6338）
saved results/models/s5vB_id_s0.json (2526s)
