train 587665 decisions / valid 63706 decisions  (read 18s)  chance acc: train 0.279 valid 0.280
探索値の較正[bulk]: p = sigmoid(3.751·clip(v,±0.917)/0.917 + -2.645)  n=570001  番兵の割合 0.000
  較正後の対数損失 0.6392 vs 「常に平均勝率」0.6845 → 探索値は勝敗の情報を持つ
  教師 p の広がり（75%点−25%点） 0.194
init from results/models/s2v_id_s2.json
腕 C（--aux）: 補助の頭 c1（次の自分の手番の始まりのライフ差 / 20・s₁ のある決定 486848 / 587665）と c2（log(1 + 決着までの手番数)）・重み各 0.25・書き出しでは捨てる
学習する重みの数 632,708（書き出すネットは射影の有無によらず同じ形）
ep 1: loss 1.7974 | valid v_logloss 0.6259 v_acc 0.636 | t_logloss 0.6497 | p_logloss 1.0300 p_acc 0.572 | 80s
   by phase: {'setup': '1.000(960)', 'mulligan': '0.982(960)', 'action': '0.487(20104)', 'clash': '0.549(10681)', 'choice': '0.612(26433)', 'rush': '0.600(4345)', 'discard': '0.332(223)'}
ep 2: loss 1.7165 | valid v_logloss 0.6271 v_acc 0.631 | t_logloss 0.6518 | p_logloss 1.0187 p_acc 0.575 | 77s
   by phase: {'setup': '1.000(960)', 'mulligan': '0.982(960)', 'action': '0.489(20104)', 'clash': '0.555(10681)', 'choice': '0.617(26433)', 'rush': '0.596(4345)', 'discard': '0.305(223)'}
ep 3: loss 1.6779 | valid v_logloss 0.6294 v_acc 0.628 | t_logloss 0.6529 | p_logloss 1.0133 p_acc 0.580 | 76s
   by phase: {'setup': '1.000(960)', 'mulligan': '0.982(960)', 'action': '0.494(20104)', 'clash': '0.559(10681)', 'choice': '0.622(26433)', 'rush': '0.603(4345)', 'discard': '0.336(223)'}
ep 4: loss 1.6437 | valid v_logloss 0.6306 v_acc 0.629 | t_logloss 0.6547 | p_logloss 1.0133 p_acc 0.577 | 73s
   by phase: {'setup': '1.000(960)', 'mulligan': '0.982(960)', 'action': '0.491(20104)', 'clash': '0.560(10681)', 'choice': '0.619(26433)', 'rush': '0.596(4345)', 'discard': '0.309(223)'}
ep 5: loss 1.6144 | valid v_logloss 0.6309 v_acc 0.626 | t_logloss 0.6552 | p_logloss 1.0133 p_acc 0.580 | 75s
   by phase: {'setup': '1.000(960)', 'mulligan': '0.982(960)', 'action': '0.490(20104)', 'clash': '0.564(10681)', 'choice': '0.623(26433)', 'rush': '0.599(4345)', 'discard': '0.305(223)'}
ep 6: loss 1.5942 | valid v_logloss 0.6313 v_acc 0.626 | t_logloss 0.6554 | p_logloss 1.0130 p_acc 0.580 | 76s
   by phase: {'setup': '1.000(960)', 'mulligan': '0.982(960)', 'action': '0.493(20104)', 'clash': '0.564(10681)', 'choice': '0.622(26433)', 'rush': '0.595(4345)', 'discard': '0.296(223)'}
--select best_v: エポック 1 の版を保存する（検証 v_logloss 0.6259・最後は 0.6313）
saved results/models/s5vC_id_s2.json (486s)
