train 587665 decisions / valid 63706 decisions  (read 39s)  chance acc: train 0.279 valid 0.280
探索値の較正[bulk]: p = sigmoid(3.751·clip(v,±0.917)/0.917 + -2.645)  n=570001  番兵の割合 0.000
  較正後の対数損失 0.6392 vs 「常に平均勝率」0.6845 → 探索値は勝敗の情報を持つ
  教師 p の広がり（75%点−25%点） 0.194
init from results/models/s2v_id_s0.json
腕 C（--aux）: 補助の頭 c1（次の自分の手番の始まりのライフ差 / 20・s₁ のある決定 486848 / 587665）と c2（log(1 + 決着までの手番数)）・重み各 0.25・書き出しでは捨てる
学習する重みの数 632,708（書き出すネットは射影の有無によらず同じ形）
ep 1: loss 1.8015 | valid v_logloss 0.6246 v_acc 0.635 | t_logloss 0.6494 | p_logloss 1.0316 p_acc 0.570 | 79s
   by phase: {'setup': '1.000(960)', 'mulligan': '0.982(960)', 'action': '0.489(20104)', 'clash': '0.547(10681)', 'choice': '0.609(26433)', 'rush': '0.594(4345)', 'discard': '0.300(223)'}
ep 2: loss 1.7192 | valid v_logloss 0.6263 v_acc 0.634 | t_logloss 0.6513 | p_logloss 1.0181 p_acc 0.576 | 73s
   by phase: {'setup': '1.000(960)', 'mulligan': '0.982(960)', 'action': '0.493(20104)', 'clash': '0.555(10681)', 'choice': '0.616(26433)', 'rush': '0.599(4345)', 'discard': '0.314(223)'}
ep 3: loss 1.6826 | valid v_logloss 0.6285 v_acc 0.634 | t_logloss 0.6526 | p_logloss 1.0166 p_acc 0.576 | 76s
   by phase: {'setup': '1.000(960)', 'mulligan': '0.982(960)', 'action': '0.490(20104)', 'clash': '0.553(10681)', 'choice': '0.619(26433)', 'rush': '0.601(4345)', 'discard': '0.314(223)'}
ep 4: loss 1.6511 | valid v_logloss 0.6285 v_acc 0.634 | t_logloss 0.6534 | p_logloss 1.0136 p_acc 0.579 | 74s
   by phase: {'setup': '1.000(960)', 'mulligan': '0.982(960)', 'action': '0.491(20104)', 'clash': '0.559(10681)', 'choice': '0.623(26433)', 'rush': '0.592(4345)', 'discard': '0.314(223)'}
ep 5: loss 1.6242 | valid v_logloss 0.6288 v_acc 0.632 | t_logloss 0.6537 | p_logloss 1.0154 p_acc 0.578 | 76s
   by phase: {'setup': '1.000(960)', 'mulligan': '0.982(960)', 'action': '0.493(20104)', 'clash': '0.559(10681)', 'choice': '0.619(26433)', 'rush': '0.600(4345)', 'discard': '0.318(223)'}
ep 6: loss 1.6059 | valid v_logloss 0.6287 v_acc 0.631 | t_logloss 0.6541 | p_logloss 1.0150 p_acc 0.578 | 76s
   by phase: {'setup': '1.000(960)', 'mulligan': '0.983(960)', 'action': '0.492(20104)', 'clash': '0.561(10681)', 'choice': '0.619(26433)', 'rush': '0.598(4345)', 'discard': '0.291(223)'}
--select best_v: エポック 1 の版を保存する（検証 v_logloss 0.6246・最後は 0.6287）
saved results/models/s5vC_id_s0.json (514s)
