train 587665 decisions / valid 63706 decisions  (read 19s)  chance acc: train 0.279 valid 0.280
探索値の較正[bulk]: p = sigmoid(3.751·clip(v,±0.917)/0.917 + -2.645)  n=570001  番兵の割合 0.000
  較正後の対数損失 0.6392 vs 「常に平均勝率」0.6845 → 探索値は勝敗の情報を持つ
  教師 p の広がり（75%点−25%点） 0.194
init from results/models/s2v_id_s1.json
腕 C（--aux）: 補助の頭 c1（次の自分の手番の始まりのライフ差 / 20・s₁ のある決定 486848 / 587665）と c2（log(1 + 決着までの手番数)）・重み各 0.25・書き出しでは捨てる
学習する重みの数 632,708（書き出すネットは射影の有無によらず同じ形）
ep 1: loss 1.8025 | valid v_logloss 0.6262 v_acc 0.635 | t_logloss 0.6501 | p_logloss 1.0321 p_acc 0.574 | 80s
   by phase: {'setup': '1.000(960)', 'mulligan': '0.982(960)', 'action': '0.490(20104)', 'clash': '0.551(10681)', 'choice': '0.614(26433)', 'rush': '0.598(4345)', 'discard': '0.265(223)'}
ep 2: loss 1.7195 | valid v_logloss 0.6289 v_acc 0.630 | t_logloss 0.6517 | p_logloss 1.0211 p_acc 0.576 | 76s
   by phase: {'setup': '1.000(960)', 'mulligan': '0.982(960)', 'action': '0.491(20104)', 'clash': '0.552(10681)', 'choice': '0.619(26433)', 'rush': '0.597(4345)', 'discard': '0.300(223)'}
ep 3: loss 1.6815 | valid v_logloss 0.6305 v_acc 0.629 | t_logloss 0.6545 | p_logloss 1.0134 p_acc 0.579 | 77s
   by phase: {'setup': '1.000(960)', 'mulligan': '0.982(960)', 'action': '0.495(20104)', 'clash': '0.557(10681)', 'choice': '0.622(26433)', 'rush': '0.599(4345)', 'discard': '0.305(223)'}
ep 4: loss 1.6485 | valid v_logloss 0.6311 v_acc 0.630 | t_logloss 0.6556 | p_logloss 1.0125 p_acc 0.581 | 75s
   by phase: {'setup': '1.000(960)', 'mulligan': '0.982(960)', 'action': '0.495(20104)', 'clash': '0.560(10681)', 'choice': '0.626(26433)', 'rush': '0.599(4345)', 'discard': '0.327(223)'}
ep 5: loss 1.6204 | valid v_logloss 0.6318 v_acc 0.630 | t_logloss 0.6556 | p_logloss 1.0125 p_acc 0.581 | 76s
   by phase: {'setup': '1.000(960)', 'mulligan': '0.982(960)', 'action': '0.496(20104)', 'clash': '0.561(10681)', 'choice': '0.624(26433)', 'rush': '0.602(4345)', 'discard': '0.336(223)'}
ep 6: loss 1.6013 | valid v_logloss 0.6318 v_acc 0.630 | t_logloss 0.6556 | p_logloss 1.0127 p_acc 0.581 | 74s
   by phase: {'setup': '1.000(960)', 'mulligan': '0.982(960)', 'action': '0.495(20104)', 'clash': '0.559(10681)', 'choice': '0.625(26433)', 'rush': '0.598(4345)', 'discard': '0.341(223)'}
--select best_v: エポック 1 の版を保存する（検証 v_logloss 0.6262・最後は 0.6318）
saved results/models/s5vC_id_s1.json (487s)
