■ SD001 第 3 巡: 候補 68 体／champion の δ: ['漂泊者（女） を 1 ターン目から急いで Lv2 に']
[1/68]
  - 『ジャンプ』を対抗で持っていれば必ず出す: 探索 0.547 (n=300) → 確認へ
  - 『ジャンプ』を対抗で持っていれば必ず出す: 確認 0.487 下端 0.4584 → 落ちる
[2/68]
  - 『ジャンプ』を対抗で出さない: 探索 0.290 (n=300) → 落ちる
[3/68]
  - 『ジャンプ』を連撃で使わない: 挙動が変わらない（対 champion 30 局で一手も違わない）→ 測らない
[4/68]
  - 『ジャンプ』は連撃まで温存: 探索 0.290 (n=300) → 落ちる
[5/68]
  - 『スキャン』を対抗で持っていれば必ず出す: 探索 0.520 (n=300) → 確認へ
  - 『スキャン』を対抗で持っていれば必ず出す: 確認 0.461 下端 0.4326 → 落ちる
[6/68]
  - 『スキャン』を対抗で出さない: 探索 0.310 (n=300) → 落ちる
[7/68]
  - 『スキャン』を連撃で使わない: 挙動が変わらない（対 champion 30 局で一手も違わない）→ 測らない
[8/68]
  - 『スキャン』は連撃まで温存: 探索 0.310 (n=300) → 落ちる
[9/68]
  - 『ババン・回避反撃』を対抗で持っていれば必ず出す: 探索 0.467 (n=300) → 落ちる
[10/68]
  - 『ババン・回避反撃』を対抗で出さない: 探索 0.190 (n=300) → 落ちる
[11/68]
  - 『ババン・回避反撃』を連撃で使わない: 挙動が変わらない（対 champion 30 局で一手も違わない）→ 測らない
[12/68]
  - 『ババン・回避反撃』は連撃まで温存: 探索 0.190 (n=300) → 落ちる
[13/68]
  - 『ババン・通常攻撃』を対抗で持っていれば必ず出す: 探索 0.470 (n=300) → 落ちる
[14/68]
  - 『ババン・通常攻撃』を対抗で出さない: 探索 0.467 (n=300) → 落ちる
[15/68]
  - 『ババン・通常攻撃』を連撃で使わない: 探索 0.477 (n=300) → 落ちる
[16/68]
  - 『ババン・通常攻撃』は連撃まで温存: 探索 0.483 (n=300) → 落ちる
[17/68]
  - 『奏鳴』を対抗で持っていれば必ず出す: 探索 0.473 (n=300) → 落ちる
[18/68]
  - 『奏鳴』を対抗で出さない: 探索 0.417 (n=300) → 落ちる
[19/68]
  - 『奏鳴』を連撃で使わない: 探索 0.507 (n=300) → 落ちる
[20/68]
  - 『奏鳴』は連撃まで温存: 探索 0.423 (n=300) → 落ちる
[21/68]
  - 『息継ぎ』を対抗で持っていれば必ず出す: 探索 0.457 (n=300) → 落ちる
[22/68]
  - 『息継ぎ』を対抗で出さない: 挙動が変わらない（対 champion 30 局で一手も違わない）→ 測らない
[23/68]
  - 『息継ぎ』を連撃で使わない: 探索 0.457 (n=300) → 落ちる
[24/68]
  - 『息継ぎ』は連撃まで温存: 探索 0.450 (n=300) → 落ちる
[25/68]
  - 『旋風』を対抗で持っていれば必ず出す: 探索 0.447 (n=300) → 落ちる
[26/68]
  - 『旋風』を対抗で出さない: 探索 0.433 (n=300) → 落ちる
[27/68]
  - 『旋風』を連撃で使わない: 探索 0.450 (n=300) → 落ちる
[28/68]
  - 『旋風』は連撃まで温存: 探索 0.447 (n=300) → 落ちる
[29/68]
  - 『燃える烈火』を対抗で持っていれば必ず出す: 探索 0.393 (n=300) → 落ちる
[30/68]
  - 『燃える烈火』を対抗で出さない: 探索 0.473 (n=300) → 落ちる
[31/68]
  - 『燃える烈火』を連撃で使わない: 探索 0.403 (n=300) → 落ちる
[32/68]
  - 『燃える烈火』は連撃まで温存: 探索 0.473 (n=300) → 落ちる
[33/68]
  - 『燃える闘志』を対抗で持っていれば必ず出す: 探索 0.360 (n=300) → 落ちる
[34/68]
  - 『燃える闘志』を対抗で出さない: 探索 0.483 (n=300) → 落ちる
[35/68]
  - 『燃える闘志』を連撃で使わない: 探索 0.463 (n=300) → 落ちる
[36/68]
  - 『燃える闘志』は連撃まで温存: 探索 0.480 (n=300) → 落ちる
[37/68]
  - 『羽の刃・回避』を対抗で持っていれば必ず出す: 探索 0.437 (n=300) → 落ちる
[38/68]
  - 『羽の刃・回避』を対抗で出さない: 探索 0.343 (n=300) → 落ちる
[39/68]
  - 『羽の刃・回避』を連撃で使わない: 挙動が変わらない（対 champion 30 局で一手も違わない）→ 測らない
[40/68]
  - 『羽の刃・回避』は連撃まで温存: 探索 0.343 (n=300) → 落ちる
[41/68]
  - 『羽の刃・通常攻撃』を対抗で持っていれば必ず出す: 探索 0.473 (n=300) → 落ちる
[42/68]
  - 『羽の刃・通常攻撃』を対抗で出さない: 探索 0.473 (n=300) → 落ちる
[43/68]
  - 『羽の刃・通常攻撃』を連撃で使わない: 探索 0.483 (n=300) → 落ちる
[44/68]
  - 『羽の刃・通常攻撃』は連撃まで温存: 探索 0.503 (n=300) → 落ちる
[45/68]
  - 『躍動する炎』を対抗で持っていれば必ず出す: 探索 0.387 (n=300) → 落ちる
[46/68]
  - 『躍動する炎』を対抗で出さない: 探索 0.477 (n=300) → 落ちる
[47/68]
  - 『躍動する炎』を連撃で使わない: 探索 0.443 (n=300) → 落ちる
[48/68]
  - 『躍動する炎』は連撃まで温存: 探索 0.473 (n=300) → 落ちる
[49/68]
  - 『轟音』を対抗で持っていれば必ず出す: 探索 0.443 (n=300) → 落ちる
[50/68]
  - 『轟音』を対抗で出さない: 探索 0.477 (n=300) → 落ちる
[51/68]
  - 『轟音』を連撃で使わない: 探索 0.477 (n=300) → 落ちる
[52/68]
  - 『轟音』は連撃まで温存: 探索 0.517 (n=300) → 落ちる
[53/68]
  - 『鉤縄』を対抗で持っていれば必ず出す: 探索 0.480 (n=300) → 落ちる
[54/68]
  - 『鉤縄』を対抗で出さない: 探索 0.437 (n=300) → 落ちる
[55/68]
  - 『鉤縄』を連撃で使わない: 挙動が変わらない（対 champion 30 局で一手も違わない）→ 測らない
[56/68]
  - 『鉤縄』は連撃まで温存: 探索 0.437 (n=300) → 落ちる
[57/68]
  - 『音の刃』を対抗で持っていれば必ず出す: 探索 0.487 (n=300) → 落ちる
[58/68]
  - 『音の刃』を対抗で出さない: 挙動が変わらない（対 champion 30 局で一手も違わない）→ 測らない
[59/68]
  - 『音の刃』を連撃で使わない: 挙動が変わらない（対 champion 30 局で一手も違わない）→ 測らない
[60/68]
  - 『音の刃』は連撃まで温存: 探索 0.483 (n=300) → 落ちる
[61/68]
  - 『音の形・回避』を対抗で持っていれば必ず出す: 探索 0.457 (n=300) → 落ちる
[62/68]
  - 『音の形・回避』を対抗で出さない: 探索 0.330 (n=300) → 落ちる
[63/68]
  - 『音の形・回避』を連撃で使わない: 挙動が変わらない（対 champion 30 局で一手も違わない）→ 測らない
[64/68]
  - 『音の形・回避』は連撃まで温存: 探索 0.330 (n=300) → 落ちる
[65/68]
  - 『音の形・通常攻撃』を対抗で持っていれば必ず出す: 探索 0.510 (n=300) → 落ちる
[66/68]
  - 『音の形・通常攻撃』を対抗で出さない: 探索 0.470 (n=300) → 落ちる
[67/68]
  - 『音の形・通常攻撃』を連撃で使わない: 探索 0.470 (n=300) → 落ちる
[68/68]
  - 『音の形・通常攻撃』は連撃まで温存: 探索 0.490 (n=300) → 落ちる

# 発見ループ SD001（2026-08-26）

候補 68 体。発見 0 件。取り込み 1 件。

| 判定 | δ | 挙動が変わった局 | 探索 | 確認 | 下端 |
|---|---|---|---|---|---|
| confirm_fail | 『ジャンプ』を対抗で持っていれば必ず出す | 30/30 | 0.547 | 0.487 (n=1200) | 0.4584 |
| confirm_fail | 『スキャン』を対抗で持っていれば必ず出す | 29/30 | 0.520 | 0.461 (n=1200) | 0.4326 |
| screen_fail | 『轟音』は連撃まで温存 | 16/30 | 0.517 | — | — |
| screen_fail | 『音の形・通常攻撃』を対抗で持っていれば必ず出す | 26/30 | 0.510 | — | — |
| screen_fail | 『奏鳴』を連撃で使わない | 2/30 | 0.507 | — | — |
| screen_fail | 『羽の刃・通常攻撃』は連撃まで温存 | 25/30 | 0.503 | — | — |
| screen_fail | 『音の形・通常攻撃』は連撃まで温存 | 21/30 | 0.490 | — | — |
| screen_fail | 『音の刃』を対抗で持っていれば必ず出す | 5/30 | 0.487 | — | — |
| screen_fail | 『ババン・通常攻撃』は連撃まで温存 | 23/30 | 0.483 | — | — |
| screen_fail | 『燃える闘志』を対抗で出さない | 16/30 | 0.483 | — | — |
| screen_fail | 『羽の刃・通常攻撃』を連撃で使わない | 8/30 | 0.483 | — | — |
| screen_fail | 『音の刃』は連撃まで温存 | 2/30 | 0.483 | — | — |
| screen_fail | 『燃える闘志』は連撃まで温存 | 19/30 | 0.480 | — | — |
| screen_fail | 『鉤縄』を対抗で持っていれば必ず出す | 26/30 | 0.480 | — | — |
| screen_fail | 『ババン・通常攻撃』を連撃で使わない | 8/30 | 0.477 | — | — |
| screen_fail | 『躍動する炎』を対抗で出さない | 1/30 | 0.477 | — | — |
| screen_fail | 『轟音』を対抗で出さない | 3/30 | 0.477 | — | — |
| screen_fail | 『轟音』を連撃で使わない | 4/30 | 0.477 | — | — |
| screen_fail | 『奏鳴』を対抗で持っていれば必ず出す | 16/30 | 0.473 | — | — |
| screen_fail | 『燃える烈火』を対抗で出さない | 13/30 | 0.473 | — | — |
| screen_fail | 『燃える烈火』は連撃まで温存 | 25/30 | 0.473 | — | — |
| screen_fail | 『羽の刃・通常攻撃』を対抗で持っていれば必ず出す | 27/30 | 0.473 | — | — |
| screen_fail | 『羽の刃・通常攻撃』を対抗で出さない | 10/30 | 0.473 | — | — |
| screen_fail | 『躍動する炎』は連撃まで温存 | 19/30 | 0.473 | — | — |
| screen_fail | 『ババン・通常攻撃』を対抗で持っていれば必ず出す | 26/30 | 0.470 | — | — |
| screen_fail | 『音の形・通常攻撃』を対抗で出さない | 12/30 | 0.470 | — | — |
| screen_fail | 『音の形・通常攻撃』を連撃で使わない | 6/30 | 0.470 | — | — |
| screen_fail | 『ババン・回避反撃』を対抗で持っていれば必ず出す | 28/30 | 0.467 | — | — |
| screen_fail | 『ババン・通常攻撃』を対抗で出さない | 12/30 | 0.467 | — | — |
| screen_fail | 『燃える闘志』を連撃で使わない | 4/30 | 0.463 | — | — |
| screen_fail | 『息継ぎ』を対抗で持っていれば必ず出す | 23/30 | 0.457 | — | — |
| screen_fail | 『息継ぎ』を連撃で使わない | 10/30 | 0.457 | — | — |
| screen_fail | 『音の形・回避』を対抗で持っていれば必ず出す | 29/30 | 0.457 | — | — |
| screen_fail | 『息継ぎ』は連撃まで温存 | 17/30 | 0.450 | — | — |
| screen_fail | 『旋風』を連撃で使わない | 9/30 | 0.450 | — | — |
| screen_fail | 『旋風』を対抗で持っていれば必ず出す | 22/30 | 0.447 | — | — |
| screen_fail | 『旋風』は連撃まで温存 | 17/30 | 0.447 | — | — |
| screen_fail | 『躍動する炎』を連撃で使わない | 16/30 | 0.443 | — | — |
| screen_fail | 『轟音』を対抗で持っていれば必ず出す | 26/30 | 0.443 | — | — |
| screen_fail | 『羽の刃・回避』を対抗で持っていれば必ず出す | 29/30 | 0.437 | — | — |
| screen_fail | 『鉤縄』を対抗で出さない | 14/30 | 0.437 | — | — |
| screen_fail | 『鉤縄』は連撃まで温存 | 14/30 | 0.437 | — | — |
| screen_fail | 『旋風』を対抗で出さない | 9/30 | 0.433 | — | — |
| screen_fail | 『奏鳴』は連撃まで温存 | 15/30 | 0.423 | — | — |
| screen_fail | 『奏鳴』を対抗で出さない | 13/30 | 0.417 | — | — |
| screen_fail | 『燃える烈火』を連撃で使わない | 14/30 | 0.403 | — | — |
| screen_fail | 『燃える烈火』を対抗で持っていれば必ず出す | 22/30 | 0.393 | — | — |
| screen_fail | 『躍動する炎』を対抗で持っていれば必ず出す | 26/30 | 0.387 | — | — |
| screen_fail | 『燃える闘志』を対抗で持っていれば必ず出す | 20/30 | 0.360 | — | — |
| screen_fail | 『羽の刃・回避』を対抗で出さない | 27/30 | 0.343 | — | — |
| screen_fail | 『羽の刃・回避』は連撃まで温存 | 27/30 | 0.343 | — | — |
| screen_fail | 『音の形・回避』を対抗で出さない | 26/30 | 0.330 | — | — |
| screen_fail | 『音の形・回避』は連撃まで温存 | 26/30 | 0.330 | — | — |
| screen_fail | 『スキャン』を対抗で出さない | 23/30 | 0.310 | — | — |
| screen_fail | 『スキャン』は連撃まで温存 | 23/30 | 0.310 | — | — |
| screen_fail | 『ジャンプ』を対抗で出さない | 28/30 | 0.290 | — | — |
| screen_fail | 『ジャンプ』は連撃まで温存 | 28/30 | 0.290 | — | — |
| screen_fail | 『ババン・回避反撃』を対抗で出さない | 28/30 | 0.190 | — | — |
| screen_fail | 『ババン・回避反撃』は連撃まで温存 | 28/30 | 0.190 | — | — |
| no_change | 『ジャンプ』を連撃で使わない | 0/30 | — | — | — |
| no_change | 『スキャン』を連撃で使わない | 0/30 | — | — | — |
| no_change | 『ババン・回避反撃』を連撃で使わない | 0/30 | — | — | — |
| no_change | 『息継ぎ』を対抗で出さない | 0/30 | — | — | — |
| no_change | 『羽の刃・回避』を連撃で使わない | 0/30 | — | — | — |
| no_change | 『鉤縄』を連撃で使わない | 0/30 | — | — | — |
| no_change | 『音の刃』を対抗で出さない | 0/30 | — | — | — |
| no_change | 『音の刃』を連撃で使わない | 0/30 | — | — | — |
| no_change | 『音の形・回避』を連撃で使わない | 0/30 | — | — | — |

新 champion の δ（重ねた順）: 漂泊者（女） を 1 ターン目から急いで Lv2 に

台帳: /tmp/work/engine/experiments/../results/discoveries/SD001.jsonl
報告: results/discoveries/SD001_report_r3_d053.md
