■ SD001 第 3 巡: 候補 68 体／champion の δ: ['漂泊者（女） を 1 ターン目から急いで Lv2 に']
[1/68]
  - 『ジャンプ』を対抗で持っていれば必ず出す: 探索 0.413 (n=300) → 落ちる
[2/68]
  - 『ジャンプ』を対抗で出さない: 探索 0.263 (n=300) → 落ちる
[3/68]
  - 『ジャンプ』を連撃で使わない: 探索 0.490 (n=300) → 落ちる
[4/68]
  - 『ジャンプ』は連撃まで温存: 探索 0.263 (n=300) → 落ちる
[5/68]
  - 『スキャン』を対抗で持っていれば必ず出す: 探索 0.470 (n=300) → 落ちる
[6/68]
  - 『スキャン』を対抗で出さない: 探索 0.317 (n=300) → 落ちる
[7/68]
  - 『スキャン』を連撃で使わない: 探索 0.490 (n=300) → 落ちる
[8/68]
  - 『スキャン』は連撃まで温存: 探索 0.317 (n=300) → 落ちる
[9/68]
  - 『ババン・回避反撃』を対抗で持っていれば必ず出す: 探索 0.407 (n=300) → 落ちる
[10/68]
  - 『ババン・回避反撃』を対抗で出さない: 探索 0.217 (n=300) → 落ちる
[11/68]
  - 『ババン・回避反撃』を連撃で使わない: 探索 0.490 (n=300) → 落ちる
[12/68]
  - 『ババン・回避反撃』は連撃まで温存: 探索 0.217 (n=300) → 落ちる
[13/68]
  - 『ババン・通常攻撃』を対抗で持っていれば必ず出す: 探索 0.473 (n=300) → 落ちる
[14/68]
  - 『ババン・通常攻撃』を対抗で出さない: 探索 0.497 (n=300) → 落ちる
[15/68]
  - 『ババン・通常攻撃』を連撃で使わない: 探索 0.447 (n=300) → 落ちる
[16/68]
  - 『ババン・通常攻撃』は連撃まで温存: 探索 0.497 (n=300) → 落ちる
[17/68]
  - 『奏鳴』を対抗で持っていれば必ず出す: 探索 0.477 (n=300) → 落ちる
[18/68]
  - 『奏鳴』を対抗で出さない: 探索 0.417 (n=300) → 落ちる
[19/68]
  - 『奏鳴』を連撃で使わない: 探索 0.490 (n=300) → 落ちる
[20/68]
  - 『奏鳴』は連撃まで温存: 探索 0.417 (n=300) → 落ちる
[21/68]
  - 『息継ぎ』を対抗で持っていれば必ず出す: 探索 0.447 (n=300) → 落ちる
[22/68]
  - 『息継ぎ』を対抗で出さない: 探索 0.487 (n=300) → 落ちる
[23/68]
  - 『息継ぎ』を連撃で使わない: 探索 0.443 (n=300) → 落ちる
[24/68]
  - 『息継ぎ』は連撃まで温存: 探索 0.487 (n=300) → 落ちる
[25/68]
  - 『旋風』を対抗で持っていれば必ず出す: 探索 0.417 (n=300) → 落ちる
[26/68]
  - 『旋風』を対抗で出さない: 探索 0.453 (n=300) → 落ちる
[27/68]
  - 『旋風』を連撃で使わない: 探索 0.473 (n=300) → 落ちる
[28/68]
  - 『旋風』は連撃まで温存: 探索 0.453 (n=300) → 落ちる
[29/68]
  - 『燃える烈火』を対抗で持っていれば必ず出す: 探索 0.420 (n=300) → 落ちる
[30/68]
  - 『燃える烈火』を対抗で出さない: 探索 0.480 (n=300) → 落ちる
[31/68]
  - 『燃える烈火』を連撃で使わない: 探索 0.370 (n=300) → 落ちる
[32/68]
  - 『燃える烈火』は連撃まで温存: 探索 0.480 (n=300) → 落ちる
[33/68]
  - 『燃える闘志』を対抗で持っていれば必ず出す: 探索 0.350 (n=300) → 落ちる
[34/68]
  - 『燃える闘志』を対抗で出さない: 探索 0.487 (n=300) → 落ちる
[35/68]
  - 『燃える闘志』を連撃で使わない: 探索 0.437 (n=300) → 落ちる
[36/68]
  - 『燃える闘志』は連撃まで温存: 探索 0.487 (n=300) → 落ちる
[37/68]
  - 『羽の刃・回避』を対抗で持っていれば必ず出す: 探索 0.400 (n=300) → 落ちる
[38/68]
  - 『羽の刃・回避』を対抗で出さない: 探索 0.327 (n=300) → 落ちる
[39/68]
  - 『羽の刃・回避』を連撃で使わない: 探索 0.490 (n=300) → 落ちる
[40/68]
  - 『羽の刃・回避』は連撃まで温存: 探索 0.327 (n=300) → 落ちる
[41/68]
  - 『羽の刃・通常攻撃』を対抗で持っていれば必ず出す: 探索 0.473 (n=300) → 落ちる
[42/68]
  - 『羽の刃・通常攻撃』を対抗で出さない: 探索 0.463 (n=300) → 落ちる
[43/68]
  - 『羽の刃・通常攻撃』を連撃で使わない: 探索 0.477 (n=300) → 落ちる
[44/68]
  - 『羽の刃・通常攻撃』は連撃まで温存: 探索 0.463 (n=300) → 落ちる
[45/68]
  - 『躍動する炎』を対抗で持っていれば必ず出す: 探索 0.473 (n=300) → 落ちる
[46/68]
  - 『躍動する炎』を対抗で出さない: 探索 0.487 (n=300) → 落ちる
[47/68]
  - 『躍動する炎』を連撃で使わない: 探索 0.443 (n=300) → 落ちる
[48/68]
  - 『躍動する炎』は連撃まで温存: 探索 0.487 (n=300) → 落ちる
[49/68]
  - 『轟音』を対抗で持っていれば必ず出す: 探索 0.417 (n=300) → 落ちる
[50/68]
  - 『轟音』を対抗で出さない: 探索 0.487 (n=300) → 落ちる
[51/68]
  - 『轟音』を連撃で使わない: 探索 0.487 (n=300) → 落ちる
[52/68]
  - 『轟音』は連撃まで温存: 探索 0.487 (n=300) → 落ちる
[53/68]
  - 『鉤縄』を対抗で持っていれば必ず出す: 探索 0.400 (n=300) → 落ちる
[54/68]
  - 『鉤縄』を対抗で出さない: 探索 0.437 (n=300) → 落ちる
[55/68]
  - 『鉤縄』を連撃で使わない: 探索 0.490 (n=300) → 落ちる
[56/68]
  - 『鉤縄』は連撃まで温存: 探索 0.437 (n=300) → 落ちる
[57/68]
  - 『音の刃』を対抗で持っていれば必ず出す: 探索 0.480 (n=300) → 落ちる
[58/68]
  - 『音の刃』を対抗で出さない: 探索 0.480 (n=300) → 落ちる
[59/68]
  - 『音の刃』を連撃で使わない: 探索 0.487 (n=300) → 落ちる
[60/68]
  - 『音の刃』は連撃まで温存: 探索 0.480 (n=300) → 落ちる
[61/68]
  - 『音の形・回避』を対抗で持っていれば必ず出す: 探索 0.427 (n=300) → 落ちる
[62/68]
  - 『音の形・回避』を対抗で出さない: 探索 0.350 (n=300) → 落ちる
[63/68]
  - 『音の形・回避』を連撃で使わない: 探索 0.490 (n=300) → 落ちる
[64/68]
  - 『音の形・回避』は連撃まで温存: 探索 0.350 (n=300) → 落ちる
[65/68]
  - 『音の形・通常攻撃』を対抗で持っていれば必ず出す: 探索 0.477 (n=300) → 落ちる
[66/68]
  - 『音の形・通常攻撃』を対抗で出さない: 探索 0.490 (n=300) → 落ちる
[67/68]
  - 『音の形・通常攻撃』を連撃で使わない: 探索 0.493 (n=300) → 落ちる
[68/68]
  - 『音の形・通常攻撃』は連撃まで温存: 探索 0.490 (n=300) → 落ちる

# 発見ループ SD001（2026-08-25）

候補 68 体。発見 0 件。取り込み 1 件。

| 判定 | δ | 発火(局/回) | 探索 | 確認 | 下端 |
|---|---|---|---|---|---|
| screen_fail | 『ババン・通常攻撃』を対抗で出さない | 40/270 | 0.497 | — | — |
| screen_fail | 『ババン・通常攻撃』は連撃まで温存 | 40/270 | 0.497 | — | — |
| screen_fail | 『音の形・通常攻撃』を連撃で使わない | 40/140 | 0.493 | — | — |
| screen_fail | 『ジャンプ』を連撃で使わない | 40/80 | 0.490 | — | — |
| screen_fail | 『スキャン』を連撃で使わない | 40/80 | 0.490 | — | — |
| screen_fail | 『ババン・回避反撃』を連撃で使わない | 40/80 | 0.490 | — | — |
| screen_fail | 『奏鳴』を連撃で使わない | 40/86 | 0.490 | — | — |
| screen_fail | 『羽の刃・回避』を連撃で使わない | 40/80 | 0.490 | — | — |
| screen_fail | 『鉤縄』を連撃で使わない | 40/80 | 0.490 | — | — |
| screen_fail | 『音の形・回避』を連撃で使わない | 40/80 | 0.490 | — | — |
| screen_fail | 『音の形・通常攻撃』を対抗で出さない | 40/279 | 0.490 | — | — |
| screen_fail | 『音の形・通常攻撃』は連撃まで温存 | 40/279 | 0.490 | — | — |
| screen_fail | 『息継ぎ』を対抗で出さない | 40/150 | 0.487 | — | — |
| screen_fail | 『息継ぎ』は連撃まで温存 | 40/150 | 0.487 | — | — |
| screen_fail | 『燃える闘志』を対抗で出さない | 40/170 | 0.487 | — | — |
| screen_fail | 『燃える闘志』は連撃まで温存 | 40/170 | 0.487 | — | — |
| screen_fail | 『躍動する炎』を対抗で出さない | 40/201 | 0.487 | — | — |
| screen_fail | 『躍動する炎』は連撃まで温存 | 40/201 | 0.487 | — | — |
| screen_fail | 『轟音』を対抗で出さない | 40/187 | 0.487 | — | — |
| screen_fail | 『轟音』を連撃で使わない | 40/127 | 0.487 | — | — |
| screen_fail | 『轟音』は連撃まで温存 | 40/187 | 0.487 | — | — |
| screen_fail | 『音の刃』を連撃で使わない | 40/90 | 0.487 | — | — |
| screen_fail | 『燃える烈火』を対抗で出さない | 40/150 | 0.480 | — | — |
| screen_fail | 『燃える烈火』は連撃まで温存 | 40/150 | 0.480 | — | — |
| screen_fail | 『音の刃』を対抗で持っていれば必ず出す | 40/89 | 0.480 | — | — |
| screen_fail | 『音の刃』を対抗で出さない | 40/92 | 0.480 | — | — |
| screen_fail | 『音の刃』は連撃まで温存 | 40/92 | 0.480 | — | — |
| screen_fail | 『奏鳴』を対抗で持っていれば必ず出す | 40/101 | 0.477 | — | — |
| screen_fail | 『羽の刃・通常攻撃』を連撃で使わない | 40/153 | 0.477 | — | — |
| screen_fail | 『音の形・通常攻撃』を対抗で持っていれば必ず出す | 40/133 | 0.477 | — | — |
| screen_fail | 『ババン・通常攻撃』を対抗で持っていれば必ず出す | 40/134 | 0.473 | — | — |
| screen_fail | 『旋風』を連撃で使わない | 40/102 | 0.473 | — | — |
| screen_fail | 『羽の刃・通常攻撃』を対抗で持っていれば必ず出す | 40/134 | 0.473 | — | — |
| screen_fail | 『躍動する炎』を対抗で持っていれば必ず出す | 40/121 | 0.473 | — | — |
| screen_fail | 『スキャン』を対抗で持っていれば必ず出す | 40/175 | 0.470 | — | — |
| screen_fail | 『羽の刃・通常攻撃』を対抗で出さない | 40/301 | 0.463 | — | — |
| screen_fail | 『羽の刃・通常攻撃』は連撃まで温存 | 40/301 | 0.463 | — | — |
| screen_fail | 『旋風』を対抗で出さない | 40/167 | 0.453 | — | — |
| screen_fail | 『旋風』は連撃まで温存 | 40/167 | 0.453 | — | — |
| screen_fail | 『ババン・通常攻撃』を連撃で使わない | 40/173 | 0.447 | — | — |
| screen_fail | 『息継ぎ』を対抗で持っていれば必ず出す | 40/117 | 0.447 | — | — |
| screen_fail | 『息継ぎ』を連撃で使わない | 40/111 | 0.443 | — | — |
| screen_fail | 『躍動する炎』を連撃で使わない | 40/192 | 0.443 | — | — |
| screen_fail | 『燃える闘志』を連撃で使わない | 40/122 | 0.437 | — | — |
| screen_fail | 『鉤縄』を対抗で出さない | 40/251 | 0.437 | — | — |
| screen_fail | 『鉤縄』は連撃まで温存 | 40/251 | 0.437 | — | — |
| screen_fail | 『音の形・回避』を対抗で持っていれば必ず出す | 40/161 | 0.427 | — | — |
| screen_fail | 『燃える烈火』を対抗で持っていれば必ず出す | 40/123 | 0.420 | — | — |
| screen_fail | 『奏鳴』を対抗で出さない | 40/114 | 0.417 | — | — |
| screen_fail | 『奏鳴』は連撃まで温存 | 40/114 | 0.417 | — | — |
| screen_fail | 『旋風』を対抗で持っていれば必ず出す | 40/128 | 0.417 | — | — |
| screen_fail | 『轟音』を対抗で持っていれば必ず出す | 40/122 | 0.417 | — | — |
| screen_fail | 『ジャンプ』を対抗で持っていれば必ず出す | 40/168 | 0.413 | — | — |
| screen_fail | 『ババン・回避反撃』を対抗で持っていれば必ず出す | 40/170 | 0.407 | — | — |
| screen_fail | 『羽の刃・回避』を対抗で持っていれば必ず出す | 40/166 | 0.400 | — | — |
| screen_fail | 『鉤縄』を対抗で持っていれば必ず出す | 40/138 | 0.400 | — | — |
| screen_fail | 『燃える烈火』を連撃で使わない | 40/134 | 0.370 | — | — |
| screen_fail | 『燃える闘志』を対抗で持っていれば必ず出す | 40/135 | 0.350 | — | — |
| screen_fail | 『音の形・回避』を対抗で出さない | 40/401 | 0.350 | — | — |
| screen_fail | 『音の形・回避』は連撃まで温存 | 40/401 | 0.350 | — | — |
| screen_fail | 『羽の刃・回避』を対抗で出さない | 40/383 | 0.327 | — | — |
| screen_fail | 『羽の刃・回避』は連撃まで温存 | 40/383 | 0.327 | — | — |
| screen_fail | 『スキャン』を対抗で出さない | 40/340 | 0.317 | — | — |
| screen_fail | 『スキャン』は連撃まで温存 | 40/340 | 0.317 | — | — |
| screen_fail | 『ジャンプ』を対抗で出さない | 40/422 | 0.263 | — | — |
| screen_fail | 『ジャンプ』は連撃まで温存 | 40/422 | 0.263 | — | — |
| screen_fail | 『ババン・回避反撃』を対抗で出さない | 40/530 | 0.217 | — | — |
| screen_fail | 『ババン・回避反撃』は連撃まで温存 | 40/530 | 0.217 | — | — |

新 champion の δ（重ねた順）: 漂泊者（女） を 1 ターン目から急いで Lv2 に

台帳: /tmp/work/engine/experiments/../results/discoveries/SD001.jsonl
報告: results/discoveries/SD001_report_r3.md
