■ SD02 第 3 巡: 候補 68 体／champion の δ: ['漂泊者（男） を 1 ターン目から急いで Lv2 に']
[1/68]
  - 『スキャン』を対抗で持っていれば必ず出す: 探索 0.493 (n=300) → 落ちる
[2/68]
  - 『スキャン』を対抗で出さない: 探索 0.353 (n=300) → 落ちる
[3/68]
  - 『スキャン』を連撃で使わない: 挙動が変わらない（対 champion 30 局で一手も違わない）→ 測らない
[4/68]
  - 『スキャン』は連撃まで温存: 探索 0.353 (n=300) → 落ちる
[5/68]
  - 『冷徹な光・回避』を対抗で持っていれば必ず出す: 探索 0.533 (n=300) → 確認へ
  - 『冷徹な光・回避』を対抗で持っていれば必ず出す: 確認 0.478 下端 0.4501 → 落ちる
[6/68]
  - 『冷徹な光・回避』を対抗で出さない: 探索 0.427 (n=300) → 落ちる
[7/68]
  - 『冷徹な光・回避』を連撃で使わない: 挙動が変わらない（対 champion 30 局で一手も違わない）→ 測らない
[8/68]
  - 『冷徹な光・回避』は連撃まで温存: 探索 0.427 (n=300) → 落ちる
[9/68]
  - 『冷徹な光・通常攻撃』を対抗で持っていれば必ず出す: 探索 0.493 (n=300) → 落ちる
[10/68]
  - 『冷徹な光・通常攻撃』を対抗で出さない: 探索 0.477 (n=300) → 落ちる
[11/68]
  - 『冷徹な光・通常攻撃』を連撃で使わない: 探索 0.477 (n=300) → 落ちる
[12/68]
  - 『冷徹な光・通常攻撃』は連撃まで温存: 探索 0.497 (n=300) → 落ちる
[13/68]
  - 『凛然浄化』を対抗で持っていれば必ず出す: 探索 0.433 (n=300) → 落ちる
[14/68]
  - 『凛然浄化』を対抗で出さない: 探索 0.523 (n=300) → 確認へ
  - 『凛然浄化』を対抗で出さない: 確認 0.509 下端 0.4809 → 落ちる
[15/68]
  - 『凛然浄化』を連撃で使わない: 探索 0.503 (n=300) → 落ちる
[16/68]
  - 『凛然浄化』は連撃まで温存: 探索 0.503 (n=300) → 落ちる
[17/68]
  - 『奏鳴』を対抗で持っていれば必ず出す: 探索 0.497 (n=300) → 落ちる
[18/68]
  - 『奏鳴』を対抗で出さない: 探索 0.497 (n=300) → 落ちる
[19/68]
  - 『奏鳴』を連撃で使わない: 探索 0.437 (n=300) → 落ちる
[20/68]
  - 『奏鳴』は連撃まで温存: 探索 0.463 (n=300) → 落ちる
[21/68]
  - 『寒風散らす光・回避反撃』を対抗で持っていれば必ず出す: 探索 0.467 (n=300) → 落ちる
[22/68]
  - 『寒風散らす光・回避反撃』を対抗で出さない: 探索 0.300 (n=300) → 落ちる
[23/68]
  - 『寒風散らす光・回避反撃』を連撃で使わない: 挙動が変わらない（対 champion 30 局で一手も違わない）→ 測らない
[24/68]
  - 『寒風散らす光・回避反撃』は連撃まで温存: 探索 0.300 (n=300) → 落ちる
[25/68]
  - 『寒風散らす光・通常攻撃』を対抗で持っていれば必ず出す: 探索 0.480 (n=300) → 落ちる
[26/68]
  - 『寒風散らす光・通常攻撃』を対抗で出さない: 探索 0.503 (n=300) → 落ちる
[27/68]
  - 『寒風散らす光・通常攻撃』を連撃で使わない: 探索 0.503 (n=300) → 落ちる
[28/68]
  - 『寒風散らす光・通常攻撃』は連撃まで温存: 探索 0.493 (n=300) → 落ちる
[29/68]
  - 『永劫新雪』を対抗で持っていれば必ず出す: 探索 0.483 (n=300) → 落ちる
[30/68]
  - 『永劫新雪』を対抗で出さない: 探索 0.443 (n=300) → 落ちる
[31/68]
  - 『永劫新雪』を連撃で使わない: 探索 0.457 (n=300) → 落ちる
[32/68]
  - 『永劫新雪』は連撃まで温存: 探索 0.440 (n=300) → 落ちる
[33/68]
  - 『蟠龍の輝き』を対抗で持っていれば必ず出す: 探索 0.410 (n=300) → 落ちる
[34/68]
  - 『蟠龍の輝き』を対抗で出さない: 挙動が変わらない（対 champion 30 局で一手も違わない）→ 測らない
[35/68]
  - 『蟠龍の輝き』を連撃で使わない: 探索 0.427 (n=300) → 落ちる
[36/68]
  - 『蟠龍の輝き』は連撃まで温存: 探索 0.470 (n=300) → 落ちる
[37/68]
  - 『赤瞳凍土』を対抗で持っていれば必ず出す: 探索 0.500 (n=300) → 落ちる
[38/68]
  - 『赤瞳凍土』を対抗で出さない: 探索 0.507 (n=300) → 落ちる
[39/68]
  - 『赤瞳凍土』を連撃で使わない: 探索 0.477 (n=300) → 落ちる
[40/68]
  - 『赤瞳凍土』は連撃まで温存: 探索 0.517 (n=300) → 落ちる
[41/68]
  - 『轟音』を対抗で持っていれば必ず出す: 探索 0.423 (n=300) → 落ちる
[42/68]
  - 『轟音』を対抗で出さない: 探索 0.503 (n=300) → 落ちる
[43/68]
  - 『轟音』を連撃で使わない: 探索 0.460 (n=300) → 落ちる
[44/68]
  - 『轟音』は連撃まで温存: 探索 0.443 (n=300) → 落ちる
[45/68]
  - 『邪を潰す歳月の重さ』を対抗で持っていれば必ず出す: 探索 0.520 (n=300) → 確認へ
  - 『邪を潰す歳月の重さ』を対抗で持っていれば必ず出す: 確認 0.507 下端 0.4792 → 落ちる
[46/68]
  - 『邪を潰す歳月の重さ』を対抗で出さない: 探索 0.503 (n=300) → 落ちる
[47/68]
  - 『邪を潰す歳月の重さ』を連撃で使わない: 探索 0.453 (n=300) → 落ちる
[48/68]
  - 『邪を潰す歳月の重さ』は連撃まで温存: 探索 0.470 (n=300) → 落ちる
[49/68]
  - 『鉤縄』を対抗で持っていれば必ず出す: 探索 0.513 (n=300) → 落ちる
[50/68]
  - 『鉤縄』を対抗で出さない: 探索 0.463 (n=300) → 落ちる
[51/68]
  - 『鉤縄』を連撃で使わない: 挙動が変わらない（対 champion 30 局で一手も違わない）→ 測らない
[52/68]
  - 『鉤縄』は連撃まで温存: 探索 0.463 (n=300) → 落ちる
[53/68]
  - 『音の刃』を対抗で持っていれば必ず出す: 探索 0.527 (n=300) → 確認へ
  - 『音の刃』を対抗で持っていれば必ず出す: 確認 0.490 下端 0.4617 → 落ちる
[54/68]
  - 『音の刃』を対抗で出さない: 探索 0.480 (n=300) → 落ちる
[55/68]
  - 『音の刃』を連撃で使わない: 探索 0.497 (n=300) → 落ちる
[56/68]
  - 『音の刃』は連撃まで温存: 探索 0.483 (n=300) → 落ちる
[57/68]
  - 『音の形・回避』を対抗で持っていれば必ず出す: 探索 0.430 (n=300) → 落ちる
[58/68]
  - 『音の形・回避』を対抗で出さない: 探索 0.377 (n=300) → 落ちる
[59/68]
  - 『音の形・回避』を連撃で使わない: 挙動が変わらない（対 champion 30 局で一手も違わない）→ 測らない
[60/68]
  - 『音の形・回避』は連撃まで温存: 探索 0.377 (n=300) → 落ちる
[61/68]
  - 『音の形・通常攻撃』を対抗で持っていれば必ず出す: 探索 0.457 (n=300) → 落ちる
[62/68]
  - 『音の形・通常攻撃』を対抗で出さない: 探索 0.500 (n=300) → 落ちる
[63/68]
  - 『音の形・通常攻撃』を連撃で使わない: 探索 0.480 (n=300) → 落ちる
[64/68]
  - 『音の形・通常攻撃』は連撃まで温存: 探索 0.490 (n=300) → 落ちる
[65/68]
  - 『龍憑の天舞』を対抗で持っていれば必ず出す: 挙動が変わらない（対 champion 30 局で一手も違わない）→ 測らない
[66/68]
  - 『龍憑の天舞』を対抗で出さない: 挙動が変わらない（対 champion 30 局で一手も違わない）→ 測らない
[67/68]
  - 『龍憑の天舞』を連撃で使わない: 挙動が変わらない（対 champion 30 局で一手も違わない）→ 測らない
[68/68]
  - 『龍憑の天舞』は連撃まで温存: 挙動が変わらない（対 champion 30 局で一手も違わない）→ 測らない

# 発見ループ SD02（2026-08-26）

候補 68 体。発見 0 件。**この巡で**取り込み 0 件（champion の δ は開始時の 1 件を含めて 1 件）。

| 判定 | δ | 挙動が変わった局 | 探索 | 確認 | 下端 |
|---|---|---|---|---|---|
| confirm_fail | 『凛然浄化』を対抗で出さない | 3/30 | 0.523 | 0.509 (n=1200) | 0.4809 |
| confirm_fail | 『邪を潰す歳月の重さ』を対抗で持っていれば必ず出す | 4/30 | 0.520 | 0.507 (n=1200) | 0.4792 |
| confirm_fail | 『音の刃』を対抗で持っていれば必ず出す | 16/30 | 0.527 | 0.490 (n=1200) | 0.4617 |
| confirm_fail | 『冷徹な光・回避』を対抗で持っていれば必ず出す | 28/30 | 0.533 | 0.478 (n=1200) | 0.4501 |
| screen_fail | 『赤瞳凍土』は連撃まで温存 | 14/30 | 0.517 | — | — |
| screen_fail | 『鉤縄』を対抗で持っていれば必ず出す | 24/30 | 0.513 | — | — |
| screen_fail | 『赤瞳凍土』を対抗で出さない | 8/30 | 0.507 | — | — |
| screen_fail | 『凛然浄化』を連撃で使わない | 7/30 | 0.503 | — | — |
| screen_fail | 『凛然浄化』は連撃まで温存 | 10/30 | 0.503 | — | — |
| screen_fail | 『寒風散らす光・通常攻撃』を対抗で出さない | 5/30 | 0.503 | — | — |
| screen_fail | 『寒風散らす光・通常攻撃』を連撃で使わない | 8/30 | 0.503 | — | — |
| screen_fail | 『轟音』を対抗で出さない | 2/30 | 0.503 | — | — |
| screen_fail | 『邪を潰す歳月の重さ』を対抗で出さない | 2/30 | 0.503 | — | — |
| screen_fail | 『赤瞳凍土』を対抗で持っていれば必ず出す | 15/30 | 0.500 | — | — |
| screen_fail | 『音の形・通常攻撃』を対抗で出さない | 13/30 | 0.500 | — | — |
| screen_fail | 『冷徹な光・通常攻撃』は連撃まで温存 | 20/30 | 0.497 | — | — |
| screen_fail | 『奏鳴』を対抗で持っていれば必ず出す | 21/30 | 0.497 | — | — |
| screen_fail | 『奏鳴』を対抗で出さない | 8/30 | 0.497 | — | — |
| screen_fail | 『音の刃』を連撃で使わない | 9/30 | 0.497 | — | — |
| screen_fail | 『スキャン』を対抗で持っていれば必ず出す | 26/30 | 0.493 | — | — |
| screen_fail | 『冷徹な光・通常攻撃』を対抗で持っていれば必ず出す | 25/30 | 0.493 | — | — |
| screen_fail | 『寒風散らす光・通常攻撃』は連撃まで温存 | 20/30 | 0.493 | — | — |
| screen_fail | 『音の形・通常攻撃』は連撃まで温存 | 19/30 | 0.490 | — | — |
| screen_fail | 『永劫新雪』を対抗で持っていれば必ず出す | 23/30 | 0.483 | — | — |
| screen_fail | 『音の刃』は連撃まで温存 | 19/30 | 0.483 | — | — |
| screen_fail | 『寒風散らす光・通常攻撃』を対抗で持っていれば必ず出す | 26/30 | 0.480 | — | — |
| screen_fail | 『音の刃』を対抗で出さない | 13/30 | 0.480 | — | — |
| screen_fail | 『音の形・通常攻撃』を連撃で使わない | 3/30 | 0.480 | — | — |
| screen_fail | 『冷徹な光・通常攻撃』を対抗で出さない | 10/30 | 0.477 | — | — |
| screen_fail | 『冷徹な光・通常攻撃』を連撃で使わない | 9/30 | 0.477 | — | — |
| screen_fail | 『赤瞳凍土』を連撃で使わない | 10/30 | 0.477 | — | — |
| screen_fail | 『蟠龍の輝き』は連撃まで温存 | 12/30 | 0.470 | — | — |
| screen_fail | 『邪を潰す歳月の重さ』は連撃まで温存 | 3/30 | 0.470 | — | — |
| screen_fail | 『寒風散らす光・回避反撃』を対抗で持っていれば必ず出す | 30/30 | 0.467 | — | — |
| screen_fail | 『奏鳴』は連撃まで温存 | 17/30 | 0.463 | — | — |
| screen_fail | 『鉤縄』を対抗で出さない | 18/30 | 0.463 | — | — |
| screen_fail | 『鉤縄』は連撃まで温存 | 18/30 | 0.463 | — | — |
| screen_fail | 『轟音』を連撃で使わない | 5/30 | 0.460 | — | — |
| screen_fail | 『永劫新雪』を連撃で使わない | 8/30 | 0.457 | — | — |
| screen_fail | 『音の形・通常攻撃』を対抗で持っていれば必ず出す | 24/30 | 0.457 | — | — |
| screen_fail | 『邪を潰す歳月の重さ』を連撃で使わない | 3/30 | 0.453 | — | — |
| screen_fail | 『永劫新雪』を対抗で出さない | 20/30 | 0.443 | — | — |
| screen_fail | 『轟音』は連撃まで温存 | 11/30 | 0.443 | — | — |
| screen_fail | 『永劫新雪』は連撃まで温存 | 24/30 | 0.440 | — | — |
| screen_fail | 『奏鳴』を連撃で使わない | 17/30 | 0.437 | — | — |
| screen_fail | 『凛然浄化』を対抗で持っていれば必ず出す | 20/30 | 0.433 | — | — |
| screen_fail | 『音の形・回避』を対抗で持っていれば必ず出す | 24/30 | 0.430 | — | — |
| screen_fail | 『冷徹な光・回避』を対抗で出さない | 24/30 | 0.427 | — | — |
| screen_fail | 『冷徹な光・回避』は連撃まで温存 | 24/30 | 0.427 | — | — |
| screen_fail | 『蟠龍の輝き』を連撃で使わない | 9/30 | 0.427 | — | — |
| screen_fail | 『轟音』を対抗で持っていれば必ず出す | 24/30 | 0.423 | — | — |
| screen_fail | 『蟠龍の輝き』を対抗で持っていれば必ず出す | 24/30 | 0.410 | — | — |
| screen_fail | 『音の形・回避』を対抗で出さない | 20/30 | 0.377 | — | — |
| screen_fail | 『音の形・回避』は連撃まで温存 | 20/30 | 0.377 | — | — |
| screen_fail | 『スキャン』を対抗で出さない | 27/30 | 0.353 | — | — |
| screen_fail | 『スキャン』は連撃まで温存 | 27/30 | 0.353 | — | — |
| screen_fail | 『寒風散らす光・回避反撃』を対抗で出さない | 29/30 | 0.300 | — | — |
| screen_fail | 『寒風散らす光・回避反撃』は連撃まで温存 | 29/30 | 0.300 | — | — |
| no_change | 『スキャン』を連撃で使わない | 0/30 | — | — | — |
| no_change | 『冷徹な光・回避』を連撃で使わない | 0/30 | — | — | — |
| no_change | 『寒風散らす光・回避反撃』を連撃で使わない | 0/30 | — | — | — |
| no_change | 『蟠龍の輝き』を対抗で出さない | 0/30 | — | — | — |
| no_change | 『鉤縄』を連撃で使わない | 0/30 | — | — | — |
| no_change | 『音の形・回避』を連撃で使わない | 0/30 | — | — | — |
| no_change | 『龍憑の天舞』を対抗で持っていれば必ず出す | 0/30 | — | — | — |
| no_change | 『龍憑の天舞』を対抗で出さない | 0/30 | — | — | — |
| no_change | 『龍憑の天舞』を連撃で使わない | 0/30 | — | — | — |
| no_change | 『龍憑の天舞』は連撃まで温存 | 0/30 | — | — | — |

新 champion の δ（重ねた順）: 漂泊者（男） を 1 ターン目から急いで Lv2 に

台帳: /tmp/work/engine/experiments/../results/discoveries/SD02.jsonl
報告: results/discoveries/SD02_report_r3.md
