■ SD02 第 2 巡: 候補 35 体／champion の δ: ['漂泊者（男） を 1 ターン目から急いで Lv2 に']
[1/35]
  - 今汐 を 1 ターン目から急いで Lv1 に: 探索 0.433 (n=300) → 落ちる
[2/35]
  - 今汐 を 4 ターン目から急いで Lv1 に: 探索 0.433 (n=300) → 落ちる
[3/35]
  - 今汐 を 7 ターン目から急いで Lv1 に: 探索 0.423 (n=300) → 落ちる
[4/35]
  - 今汐 を Lv1 にしない: 探索 0.427 (n=300) → 落ちる
[5/35]
  - 今汐 を 1 ターン目から急いで Lv2 に: 探索 0.383 (n=300) → 落ちる
[6/35]
  - 今汐 を 4 ターン目から急いで Lv2 に: 探索 0.383 (n=300) → 落ちる
[7/35]
  - 今汐 を 7 ターン目から急いで Lv2 に: 探索 0.357 (n=300) → 落ちる
[8/35]
  - 今汐 を Lv2 にしない: 探索 0.450 (n=300) → 落ちる
[9/35]
  - リーダーを 今汐 に固定: 探索 0.477 (n=300) → 落ちる
[10/35]
  - 散華 を 1 ターン目から急いで Lv1 に: 探索 0.430 (n=300) → 落ちる
[11/35]
  - 散華 を 4 ターン目から急いで Lv1 に: 探索 0.430 (n=300) → 落ちる
[12/35]
  - 散華 を 7 ターン目から急いで Lv1 に: 探索 0.417 (n=300) → 落ちる
[13/35]
  - 散華 を Lv1 にしない: 探索 0.433 (n=300) → 落ちる
[14/35]
  - 散華 を 1 ターン目から急いで Lv2 に: 探索 0.393 (n=300) → 落ちる
[15/35]
  - 散華 を 4 ターン目から急いで Lv2 に: 探索 0.393 (n=300) → 落ちる
[16/35]
  - 散華 を 7 ターン目から急いで Lv2 に: 探索 0.430 (n=300) → 落ちる
[17/35]
  - 散華 を Lv2 にしない: 探索 0.440 (n=300) → 落ちる
[18/35]
  - リーダーを 散華 に固定: 探索 0.487 (n=300) → 落ちる
[19/35]
  - 漂泊者（男） を 1 ターン目から急いで Lv1 に: 挙動が変わらない（対 champion 30 局で一手も違わない）→ 測らない
[20/35]
  - 漂泊者（男） を 4 ターン目から急いで Lv1 に: 挙動が変わらない（対 champion 30 局で一手も違わない）→ 測らない
[21/35]
  - 漂泊者（男） を 7 ターン目から急いで Lv1 に: 挙動が変わらない（対 champion 30 局で一手も違わない）→ 測らない
[22/35]
  - 漂泊者（男） を Lv1 にしない: 挙動が変わらない（対 champion 30 局で一手も違わない）→ 測らない
[23/35]
  - 漂泊者（男） を 1 ターン目から急いで Lv2 に: champion に取り込み済み → 飛ばす
[24/35]
  - 漂泊者（男） を 4 ターン目から急いで Lv2 に: 挙動が変わらない（対 champion 30 局で一手も違わない）→ 測らない
[25/35]
  - 漂泊者（男） を 7 ターン目から急いで Lv2 に: 挙動が変わらない（対 champion 30 局で一手も違わない）→ 測らない
[26/35]
  - 漂泊者（男） を Lv2 にしない: 挙動が変わらない（対 champion 30 局で一手も違わない）→ 測らない
[27/35]
  - リーダーを 漂泊者（男） に固定: 挙動が変わらない（対 champion 30 局で一手も違わない）→ 測らない
[28/35]
  - コスト0でダメージのある連撃は必ず打つ: 探索 0.467 (n=300) → 落ちる
[29/35]
  - コスト0でダメージのある連撃を必ずやめる: 探索 0.370 (n=300) → 落ちる
[30/35]
  - 協奏が空なら必ずチャージ: 探索 0.450 (n=300) → 落ちる
[31/35]
  - 手札 4 枚以上ならレベルアップを必ずする: 探索 0.290 (n=300) → 落ちる
[32/35]
  - 手札 6 枚以上ならレベルアップを必ずする: 探索 0.363 (n=300) → 落ちる
[33/35]
  - ライフが 3 以上負けていたら対抗でパスしない: 探索 0.427 (n=300) → 落ちる
[34/35]
  - ライフが 6 以上負けていたら対抗でパスしない: 探索 0.427 (n=300) → 落ちる
[35/35]
  - 3 ターン目までは切り替えない: 探索 0.397 (n=300) → 落ちる

# 発見ループ SD02（2026-08-26）

候補 34 体。発見 0 件。**この巡で**取り込み 0 件（champion の δ は開始時の 1 件を含めて 1 件）。

| 判定 | δ | 挙動が変わった局 | 探索 | 確認 | 下端 |
|---|---|---|---|---|---|
| screen_fail | リーダーを 散華 に固定 | 30/30 | 0.487 | — | — |
| screen_fail | リーダーを 今汐 に固定 | 30/30 | 0.477 | — | — |
| screen_fail | コスト0でダメージのある連撃は必ず打つ | 19/30 | 0.467 | — | — |
| screen_fail | 今汐 を Lv2 にしない | 5/30 | 0.450 | — | — |
| screen_fail | 協奏が空なら必ずチャージ | 30/30 | 0.450 | — | — |
| screen_fail | 散華 を Lv2 にしない | 1/30 | 0.440 | — | — |
| screen_fail | 今汐 を 1 ターン目から急いで Lv1 に | 30/30 | 0.433 | — | — |
| screen_fail | 今汐 を 4 ターン目から急いで Lv1 に | 30/30 | 0.433 | — | — |
| screen_fail | 散華 を Lv1 にしない | 11/30 | 0.433 | — | — |
| screen_fail | 散華 を 1 ターン目から急いで Lv1 に | 30/30 | 0.430 | — | — |
| screen_fail | 散華 を 4 ターン目から急いで Lv1 に | 30/30 | 0.430 | — | — |
| screen_fail | 散華 を 7 ターン目から急いで Lv2 に | 28/30 | 0.430 | — | — |
| screen_fail | 今汐 を Lv1 にしない | 13/30 | 0.427 | — | — |
| screen_fail | ライフが 3 以上負けていたら対抗でパスしない | 5/30 | 0.427 | — | — |
| screen_fail | ライフが 6 以上負けていたら対抗でパスしない | 5/30 | 0.427 | — | — |
| screen_fail | 今汐 を 7 ターン目から急いで Lv1 に | 19/30 | 0.423 | — | — |
| screen_fail | 散華 を 7 ターン目から急いで Lv1 に | 27/30 | 0.417 | — | — |
| screen_fail | 3 ターン目までは切り替えない | 23/30 | 0.397 | — | — |
| screen_fail | 散華 を 1 ターン目から急いで Lv2 に | 30/30 | 0.393 | — | — |
| screen_fail | 散華 を 4 ターン目から急いで Lv2 に | 30/30 | 0.393 | — | — |
| screen_fail | 今汐 を 1 ターン目から急いで Lv2 に | 30/30 | 0.383 | — | — |
| screen_fail | 今汐 を 4 ターン目から急いで Lv2 に | 30/30 | 0.383 | — | — |
| screen_fail | コスト0でダメージのある連撃を必ずやめる | 9/30 | 0.370 | — | — |
| screen_fail | 手札 6 枚以上ならレベルアップを必ずする | 27/30 | 0.363 | — | — |
| screen_fail | 今汐 を 7 ターン目から急いで Lv2 に | 28/30 | 0.357 | — | — |
| screen_fail | 手札 4 枚以上ならレベルアップを必ずする | 30/30 | 0.290 | — | — |
| no_change | 漂泊者（男） を 1 ターン目から急いで Lv1 に | 0/30 | — | — | — |
| no_change | 漂泊者（男） を 4 ターン目から急いで Lv1 に | 0/30 | — | — | — |
| no_change | 漂泊者（男） を 7 ターン目から急いで Lv1 に | 0/30 | — | — | — |
| no_change | 漂泊者（男） を Lv1 にしない | 0/30 | — | — | — |
| no_change | 漂泊者（男） を 4 ターン目から急いで Lv2 に | 0/30 | — | — | — |
| no_change | 漂泊者（男） を 7 ターン目から急いで Lv2 に | 0/30 | — | — | — |
| no_change | 漂泊者（男） を Lv2 にしない | 0/30 | — | — | — |
| no_change | リーダーを 漂泊者（男） に固定 | 0/30 | — | — | — |

新 champion の δ（重ねた順）: 漂泊者（男） を 1 ターン目から急いで Lv2 に

台帳: /tmp/work/engine/experiments/../results/discoveries/SD02.jsonl
報告: results/discoveries/SD02_report_r2.md
